 backlog...  todo (0)    in-prog...  review (0)  done (1)   
╭──────────╮  (empty)   ╭──────────╮  (empty)   ╭──────────╮
│ #1 Ta... │            │ #3 Ta... │            │ #4 Ta... │
│ high 2h  │            │ high 2h  │            │ low 2h   │
╰──────────╯            ╰──────────╯            ╰──────────╯
╭──────────╮                                                
│ #2 Ta... │                                                
│ medium   │                                                
│ 2h       │                                                
╰──────────╯                                                
                                                            
 Test Board | 4 tasks | ←↓↑→/hjkl:navigate enter:...        