 backlog (2)             todo (0)                in-progress (1)         review (0)              done (1)               
╭──────────────────────╮  (empty)               ╭──────────────────────╮  (empty)               ╭──────────────────────╮
│ #1 Task A            │                        │ #3 Task C            │                        │ #4 Task D            │
│ high                 │                        │ high                 │                        │ low                  │
╰──────────────────────╯                        ╰──────────────────────╯                        ╰──────────────────────╯
╭──────────────────────╮                                                                                                
│ #2 Task B            │                                                                                                
│ medium               │                                                                                                
╰──────────────────────╯                                                                                                
                                                                                                                        
 Test Board | 4 tasks | hjkl:navigate enter:detail m:move M:next d:delete ?:help q:quit                                 