Task #1: Task A
───────────────

Status:         backlog
Priority:       high
Created:        0001-01-01 00:00
Updated:        2026-01-15 10:00

Body line 1 content here                                                                                                
Body line 2 content here                                                                                                
Body line 3 content here                                                                                                
Body line 4 content here                                                                                                
Body line 5 content here                                                                                                
Body line 6 content here                                                                                                
Body line 7 content here                                                                                                
Body line 8 content here                                                                                                
Body line 9 content here                                                                                                
Body line 10 content here                                                                                               
Body line 11 content here                                                                                               
Body line 12 content here                                                                                               
Body line 13 content here                                                                                               
Body line 14 content here                                                                                               
Body line 15 content here                                                                                               
Body line 16 content here                                                                                               
Body line 17 content here                                                                                               
Body line 18 content here                                                                                               
Body line 19 content here                                                                                               
Body line 20 content here                                                                                               
Body line 21 content here                                                                                               
Body line 22 content here                                                                                               
Body line 23 content here                                                                                               
Body line 24 content here                                                                                               
Body line 25 content here                                                                                               
Body line 26 content here                                                                                               
Body line 27 content here                                                                                               
Body line 28 content here                                                                                               
Body line 29 content here                                                                                               
Body line 30 content here                                                                                               
                                                                                                                        
q/esc:back