╭────────────────────────────╮
│                            │
│  Move #1 to:               │
│                            │
│  > backlog (current)       │
│    todo                    │
│    in-progress             │
│    review                  │
│    done                    │
│                            │
│  enter:select  esc:cancel  │
│                            │
╰────────────────────────────╯