 backlog (8)                 todo (3)                    in-progress (3)             review (2)                  done (3)                   
╭──────────────────────────╮╭──────────────────────────╮╭──────────────────────────╮╭──────────────────────────╮╭──────────────────────────╮
│ #16 Email notificatio... ││ #6 Write integration ... ││ #9 Fix auth token ref... ││ #10 Implement user auth  ││ #13 Create project sc... │
│ high backend             ││ high testing 3d          ││ critical security 5h     ││ critical backend 1d      ││ high setup               │
╰──────────────────────────╯╰──────────────────────────╯│ @coral-dusk              ││ @sage-river              │╰──────────────────────────╯
╭──────────────────────────╮╭──────────────────────────╮╰──────────────────────────╯╰──────────────────────────╯╭──────────────────────────╮
│ #18 Audit logging        ││ #5 Set up monitoring     │╭──────────────────────────╮╭──────────────────────────╮│ #12 Set up CI pipeline   │
│ medium security          ││ medium devops 3d         ││ #7 Build dashboard UI    ││ #11 Design REST API s... ││ high devops              │
╰──────────────────────────╯╰──────────────────────────╯│ high frontend 5h         ││ high api 1d              │╰──────────────────────────╯
╭──────────────────────────╮╭──────────────────────────╮│ @frost-maple             ││ @neon-drift              │╭──────────────────────────╮
│ #15 Add search autoco... ││ #4 Add rate limiting     │╰──────────────────────────╯╰──────────────────────────╯│ #14 Define database s... │
│ medium frontend          ││ medium backend 3d        │╭──────────────────────────╮                            │ medium backend           │
╰──────────────────────────╯╰──────────────────────────╯│ #8 Write API docs        │                            ╰──────────────────────────╯
╭──────────────────────────╮                            │ medium docs 5h           │                                                        
│ #2 Mobile responsive ... │                            │ @amber-swift             │                                                        
│ medium frontend          │                            ╰──────────────────────────╯                                                        
╰──────────────────────────╯                                                                                                                
╭──────────────────────────╮                                                                                                                
│ #19 Export to CSV        │                                                                                                                
│ low feature              │                                                                                                                
╰──────────────────────────╯                                                                                                                
╭──────────────────────────╮                                                                                                                
│ #17 Localization support │                                                                                                                
│ low i18n                 │                                                                                                                
╰──────────────────────────╯                                                                                                                
  ↓ 2 more                                                                                                                                  
                                                                                                                                            
                                                                                                                                            
                                                                                                                                            
 My Project | 19 tasks | hjkl:nav m:move N/P:status +/-:priority d:del ?:help q:quit                                                        